// Vitest Snapshot v1, https://vitest.dev/guide/snapshot.html

exports[`Rss > generateRssXml() > フィードを生成する 1`] = `
"<?xml version="1.0" encoding="utf-8"?>
<rss version="2.0" xmlns:dc="http://purl.org/dc/elements/1.1/" xmlns:content="http://purl.org/rss/1.0/modules/content/">
    <channel>
        <title>タイトル</title>
        <link>http://localhost:3000/test</link>
        <description>説明</description>
        <lastBuildDate>Sun, 25 Sep 2022 08:00:00 GMT</lastBuildDate>
        <docs>https://validator.w3.org/feed/docs/rss2.html</docs>
        <generator>https://github.com/jpmonette/feed</generator>
        <language>ja</language>
        <copyright>© 2022 hakshu</copyright>
        <item>
            <title><![CDATA[ブログ1]]></title>
            <link>http://localhost:3000/test/2sef2d</link>
            <guid isPermaLink="false">http://localhost:3000/test/2sef2d</guid>
            <pubDate>Sat, 25 Jun 2022 08:13:48 GMT</pubDate>
            <description><![CDATA[ブログ1]]></description>
            <content:encoded><![CDATA[ブログ1の中身]]></content:encoded>
            <enclosure url="http://localhost:3000/image1" length="0" type="image//image1"/>
        </item>
        <item>
            <title><![CDATA[ブログ2]]></title>
            <link>http://localhost:3000/test/3ldjsf</link>
            <guid isPermaLink="false">http://localhost:3000/test/3ldjsf</guid>
            <pubDate>Thu, 25 Aug 2022 08:13:48 GMT</pubDate>
            <description><![CDATA[ブログ2]]></description>
            <content:encoded><![CDATA[ブログ2の中身]]></content:encoded>
            <enclosure url="http://localhost:3000/image2" length="0" type="image//image2"/>
        </item>
    </channel>
</rss>"
`;
